Microchip MPLAB XC8 Compiler V2.32

Linker command line:

-W-3 --edf=C:\Program Files\Microchip\xc8\v2.32\pic\dat\en_msgs.txt -cn \
  -h+dist/default/production\29.11.2021-1.X.production.sym \
  --cmf=dist/default/production\29.11.2021-1.X.production.cmf -z -Q18F45K22 \
  -oC:\Users\OAKBAT~1\AppData\Local\Temp\xcAs9cc.4 --defsym=__MPLAB_BUILD=1 \
  -Mdist/default/production/29.11.2021-1.X.production.map -E1 \
  -ver=XC8 Compiler --acfsm=1493 -ASTACK=060h-05FFh -pstack=STACK \
  -ACODE=00h-07FFFh -ACONST=00h-07FFFh -ASMALLCONST=0600h-06FFhx122 \
  -AMEDIUMCONST=0600h-07FFFh -ACOMRAM=01h-05Fh -AABS1=00h-05FFh \
  -ABIGRAM=01h-05FFh -ARAM=060h-0FFh,0100h-01FFhx5 -ABANK0=060h-0FFh \
  -ABANK1=0100h-01FFh -ABANK2=0200h-02FFh -ABANK3=0300h-03FFh \
  -ABANK4=0400h-04FFh -ABANK5=0500h-05FFh -ASFR=0F38h-0F5Fh,0F60h-0FFFh \
  -ACONFIG=0300000h-030000Dh -AIDLOC=0200000h-0200007h \
  -AEEDATA=0F00000h-0F000FFh -peeprom_data=EEDATA \
  -preset_vec=00h,intcode,intcodelo,powerup,init -pramtop=0600h \
  -psmallconst=SMALLCONST -pmediumconst=MEDIUMCONST -pconst=CONST \
  -AFARRAM=00h-00h \
  -prdata=COMRAM,nvrram=COMRAM,nvbit=COMRAM,rbss=COMRAM,rbit=COMRAM \
  -pfarbss=FARRAM,fardata=FARRAM,nvFARRAM=FARRAM \
  -pintsave_regs=BIGRAM,bigbss=BIGRAM,bigdata=BIGRAM -pbss=RAM \
  -pidata=CODE,irdata=CODE,ibigdata=CODE,ifardata=CODE -prparam=COMRAM \
  C:\Users\OAKBAT~1\AppData\Local\Temp\xcAs9cc.o \
  dist/default/production\29.11.2021-1.X.production.o 

Object code version is 3.11

Machine type is 18F45K22



                Name                               Link     Load   Length Selector   Space Scale
C:\Users\OAKBAT~1\AppData\Local\Temp\xcAs9cc.o
                idloc                            200000   200000        8        0       5
                config                           300000   300000        E        0       4
                init                                  0        0        4        0       0
dist/default/production\29.11.2021-1.X.production.o
                idloc                            200000   200000        8        0       5
                config                           300000   300000        E        0       4
                text5                              7DB2     7DB2       20     3ED9       0
                text4                              7E1E     7E1E       2E     3F0F       0
                text3                              7DD2     7DD2       22     3EE9       0
                text2                              7E4C     7E4C       2E     3F26       0
                text1                              7D98     7D98       1A     3ECC       0
                text0                              7E7A     7E7A      186     3F3D       0
                cstackCOMRAM                         15       15        8        1       1
                dataCOMRAM                            1        1       14        1       1
                bssCOMRAM                            1D       1D        2        1       1
                cinit                              7DF4     7DF4       2A     3EFA       0
                idataCOMRAM                        7D84     7D84       14     7D84       0

TOTAL           Name                               Link     Load   Length     Space
        CLASS   STACK          

        CLASS   CODE           
                init                                  0        0        4         0
                text5                              7DB2     7DB2       20         0
                text4                              7E1E     7E1E       2E         0
                text3                              7DD2     7DD2       22         0
                text2                              7E4C     7E4C       2E         0
                text1                              7D98     7D98       1A         0
                text0                              7E7A     7E7A      186         0
                cinit                              7DF4     7DF4       2A         0
                idataCOMRAM                        7D84     7D84       14         0

        CLASS   CONST          

        CLASS   SMALLCONST     

        CLASS   MEDIUMCONST    

        CLASS   COMRAM         
                cstackCOMRAM                         15       15        8         1
                dataCOMRAM                            1        1       14         1
                bssCOMRAM                            1D       1D        2         1

        CLASS   ABS1           

        CLASS   BIGRAM         

        CLASS   RAM            

        CLASS   BANK0          

        CLASS   BANK1          

        CLASS   BANK2          

        CLASS   BANK3          

        CLASS   BANK4          

        CLASS   BANK5          

        CLASS   SFR            

        CLASS   CONFIG         
                config                           300000   300000        E         4

        CLASS   IDLOC          
                idloc                            200000   200000        8         5

        CLASS   EEDATA         

        CLASS   FARRAM         



SEGMENTS        Name                           Load    Length   Top    Selector   Space  Class

                reset_vec                      000000  000004  000004         0       0  CODE    
                dataCOMRAM                     000001  00001E  00001F         1       1  COMRAM  
                idataCOMRAM                    007D84  000014  007D98      7D84       0  CODE    
                text1                          007D98  00001A  007DB2      3ECC       0  CODE    
                text5                          007DB2  000020  007DD2      3ED9       0  CODE    
                text3                          007DD2  000022  007DF4      3EE9       0  CODE    
                cinit                          007DF4  00002A  007E1E      3EFA       0  CODE    
                text4                          007E1E  00002E  007E4C      3F0F       0  CODE    
                text2                          007E4C  00002E  007E7A      3F26       0  CODE    
                text0                          007E7A  000186  008000      3F3D       0  CODE    


UNUSED ADDRESS RANGES

        Name                Unused          Largest block    Delta
        BANK0            000060-0000FF               A0
        BANK1            000100-0001FF              100
        BANK2            000200-0002FF              100
        BANK3            000300-0003FF              100
        BANK4            000400-0004FF              100
        BANK5            000500-0005FF              100
        BIGRAM           00001F-0005FF              5E1
        CODE             000004-007D83             7D80
        COMRAM           00001F-00005F               41
        CONST            000004-007D83             7D80
        EEDATA           F00000-F000FF              100
        MEDIUMCONST      000600-007D83             7784
        RAM              000060-0005FF              100
        SFR              000F38-000FFF               28
        SMALLCONST       000600-007D83              100
        STACK            000060-0005FF              5A0

                                  Symbol Table

I2C_Start@slave_write_address cstackCOMRAM 000016
I2C_Write@data                cstackCOMRAM 000015
_ANSELC                       (abs)        000F3A
_BCLIF                        (abs)        007D0B
_I2C_Init                     text5        007DB2
_I2C_Ready                    text4        007E1E
_I2C_Start                    text2        007E4C
_I2C_Stop                     text1        007D98
_I2C_Write                    text3        007DD2
_SSPADD                       (abs)        000FC8
_SSPBUF                       (abs)        000FC9
_SSPCON1                      (abs)        000FC6
_SSPCON2                      (abs)        000FC5
_SSPCON2bits                  (abs)        000FC5
_SSPIE                        (abs)        007CEB
_SSPIF                        (abs)        007CF3
_SSPSTAT                      (abs)        000FC7
_SSPSTATbits                  (abs)        000FC7
_TRISC3                       (abs)        007CA3
_TRISC4                       (abs)        007CA4
__HRAM                        (abs)        000000
__Habs1                       abs1         000000
__Hbank0                      bank0        000000
__Hbank1                      bank1        000000
__Hbank2                      bank2        000000
__Hbank3                      bank3        000000
__Hbank4                      bank4        000000
__Hbank5                      bank5        000000
__Hbigbss                     bigbss       000000
__Hbigdata                    bigdata      000000
__Hbigram                     bigram       000000
__Hbss                        bss          000000
__HbssCOMRAM                  bssCOMRAM    000000
__Hcinit                      cinit        000000
__Hclrtext                    clrtext      000000
__Hcomram                     comram       000000
__Hconfig                     config       30000E
__Hconst                      const        000000
__HcstackCOMRAM               cstackCOMRAM 000000
__Hdata                       data         000000
__HdataCOMRAM                 dataCOMRAM   000000
__Heeprom_data                eeprom_data  000000
__Hfarbss                     farbss       000000
__Hfardata                    fardata      000000
__Hibigdata                   ibigdata     000000
__Hidata                      idata        000000
__HidataCOMRAM                idataCOMRAM  000000
__Hidloc                      idloc        200008
__Hifardata                   ifardata     000000
__Hinit                       init         000004
__Hintcode                    intcode      000000
__Hintcode_body               intcode_body 000000
__Hintcodelo                  intcodelo    000000
__Hintentry                   intentry     000000
__Hintret                     intret       000000
__Hintsave_regs               intsave_regs 000000
__Hirdata                     irdata       000000
__Hmediumconst                mediumconst  000000
__HnvFARRAM                   nvFARRAM     000000
__Hnvbit                      nvbit        000000
__Hnvrram                     nvrram       000000
__Hparam                      rparam       000000
__Hpowerup                    powerup      000000
__Hram                        ram          000000
__Hramtop                     ramtop       000600
__Hrbit                       rbit         000000
__Hrbss                       rbss         000000
__Hrdata                      rdata        000000
__Hreset_vec                  reset_vec    000000
__Hrparam                     rparam       000000
__Hsfr                        sfr          000000
__Hsmallconst                 smallconst   000000
__Hspace_0                    (abs)        008000
__Hspace_1                    (abs)        00001F
__Hspace_2                    (abs)        000000
__Hspace_4                    (abs)        60000E
__Hstack                      stack        000000
__Hstruct                     struct       000000
__Htemp                       temp         000000
__Htext                       text         000000
__Htext0                      text0        000000
__Htext1                      text1        000000
__Htext2                      text2        000000
__Htext3                      text3        000000
__Htext4                      text4        000000
__Htext5                      text5        000000
__LRAM                        (abs)        000001
__Labs1                       abs1         000000
__Lbank0                      bank0        000000
__Lbank1                      bank1        000000
__Lbank2                      bank2        000000
__Lbank3                      bank3        000000
__Lbank4                      bank4        000000
__Lbank5                      bank5        000000
__Lbigbss                     bigbss       000000
__Lbigdata                    bigdata      000000
__Lbigram                     bigram       000000
__Lbss                        bss          000000
__LbssCOMRAM                  bssCOMRAM    000000
__Lcinit                      cinit        000000
__Lclrtext                    clrtext      000000
__Lcomram                     comram       000000
__Lconfig                     config       000000
__Lconst                      const        000000
__LcstackCOMRAM               cstackCOMRAM 000000
__Ldata                       data         000000
__LdataCOMRAM                 dataCOMRAM   000000
__Leeprom_data                eeprom_data  000000
__Lfarbss                     farbss       000000
__Lfardata                    fardata      000000
__Libigdata                   ibigdata     000000
__Lidata                      idata        000000
__LidataCOMRAM                idataCOMRAM  000000
__Lidloc                      idloc        000000
__Lifardata                   ifardata     000000
__Linit                       init         000000
__Lintcode                    intcode      000000
__Lintcode_body               intcode_body 000000
__Lintcodelo                  intcodelo    000000
__Lintentry                   intentry     000000
__Lintret                     intret       000000
__Lintsave_regs               intsave_regs 000000
__Lirdata                     irdata       000000
__Lmediumconst                mediumconst  000000
__LnvFARRAM                   nvFARRAM     000000
__Lnvbit                      nvbit        000000
__Lnvrram                     nvrram       000000
__Lparam                      rparam       000000
__Lpowerup                    powerup      000000
__Lram                        ram          000000
__Lramtop                     ramtop       000600
__Lrbit                       rbit         000000
__Lrbss                       rbss         000000
__Lrdata                      rdata        000000
__Lreset_vec                  reset_vec    000000
__Lrparam                     rparam       000000
__Lsfr                        sfr          000000
__Lsmallconst                 smallconst   000000
__Lspace_0                    (abs)        000000
__Lspace_1                    (abs)        000000
__Lspace_2                    (abs)        000000
__Lspace_4                    (abs)        000000
__Lstack                      stack        000000
__Lstruct                     struct       000000
__Ltemp                       temp         000000
__Ltext                       text         000000
__Ltext0                      text0        000000
__Ltext1                      text1        000000
__Ltext2                      text2        000000
__Ltext3                      text3        000000
__Ltext4                      text4        000000
__Ltext5                      text5        000000
__S0                          (abs)        008000
__S1                          (abs)        00001F
__S2                          (abs)        000000
__S4                          (abs)        000000
__S5                          (abs)        000000
___inthi_sp                   stack        000000
___intlo_sp                   stack        000000
___param_bank                 (abs)        000000
___rparam_used                (abs)        000001
___sp                         stack        000000
__accesstop                   (abs)        000060
__activetblptr                (abs)        000000
__end_of_I2C_Init             text5        007DD2
__end_of_I2C_Ready            text4        007E4C
__end_of_I2C_Start            text2        007E7A
__end_of_I2C_Stop             text1        007DB2
__end_of_I2C_Write            text3        007DF4
__end_of__initialization      cinit        007E18
__end_of_main                 text0        008000
__initialization              cinit        007DF4
__mediumconst                 mediumconst  000000
__pbssCOMRAM                  bssCOMRAM    00001D
__pcinit                      cinit        007DF4
__pcstackCOMRAM               cstackCOMRAM 000015
__pdataCOMRAM                 dataCOMRAM   000001
__pidataCOMRAM                idataCOMRAM  007D84
__ptext0                      text0        007E7A
__ptext1                      text1        007D98
__ptext2                      text2        007E4C
__ptext3                      text3        007DD2
__ptext4                      text4        007E1E
__ptext5                      text5        007DB2
__ramtop                      ramtop       000600
__size_of_I2C_Init            (abs)        000000
__size_of_I2C_Ready           (abs)        000000
__size_of_I2C_Start           (abs)        000000
__size_of_I2C_Stop            (abs)        000000
__size_of_I2C_Write           (abs)        000000
__size_of_main                (abs)        000000
__smallconst                  smallconst   000000
_i                            bssCOMRAM    00001D
_main                         text0        007E7A
_text                         dataCOMRAM   000001
end_of_initialization         cinit        007E18
intlevel0                     text         000000
intlevel1                     text         000000
intlevel2                     text         000000
intlevel3                     text         000000
isa$std                       (abs)        000001
isa$xinst                     (abs)        000000
stackhi                       (abs)        0005FF
stacklo                       (abs)        000060
start                         init         000000
start_initialization          cinit        007DF4


MODULE INFORMATION

Module		Function		Class		Link	Load	Size
newmain.c
		_main          		CODE           	7E7A	0000	390
		_I2C_Write     		CODE           	7DD2	0000	34
		_I2C_Stop      		CODE           	7D98	0000	26
		_I2C_Ready     		CODE           	7E1E	0000	46
		_I2C_Init      		CODE           	7DB2	0000	32
		_I2C_Start     		CODE           	7E4C	0000	46

newmain.c estimated size: 574

shared
		__initialization		CODE           	7DF4	0000	36

shared estimated size: 36

