Microchip MPLAB XC8 Compiler V2.32

Linker command line:

-W-3 --edf=C:\Program Files\Microchip\xc8\v2.32\pic\dat\en_msgs.txt -cn \
  -h+dist/default/production\29.11.2021-2.X.production.sym \
  --cmf=dist/default/production\29.11.2021-2.X.production.cmf -z -Q18F45K22 \
  -oC:\Users\OAKBAT~1\AppData\Local\Temp\xcAskqc.5 --defsym=__MPLAB_BUILD=1 \
  -Mdist/default/production/29.11.2021-2.X.production.map -E1 \
  -ver=XC8 Compiler --acfsm=1493 -ASTACK=0E2h-05FFh -pstack=STACK \
  -ACODE=00h-07FFFh -ACONST=00h-07FFFh -ASMALLCONST=0600h-06FFhx122 \
  -AMEDIUMCONST=0600h-07FFFh -ACOMRAM=01h-05Fh -AABS1=00h-05FFh \
  -ABIGRAM=01h-05FFh -ARAM=060h-0FFh,0100h-01FFhx5 -ABANK0=060h-0FFh \
  -ABANK1=0100h-01FFh -ABANK2=0200h-02FFh -ABANK3=0300h-03FFh \
  -ABANK4=0400h-04FFh -ABANK5=0500h-05FFh -ASFR=0F38h-0F5Fh,0F60h-0FFFh \
  -ACONFIG=0300000h-030000Dh -AIDLOC=0200000h-0200007h \
  -AEEDATA=0F00000h-0F000FFh -peeprom_data=EEDATA \
  -preset_vec=00h,intcode,intcodelo,powerup,init -pramtop=0600h \
  -psmallconst=SMALLCONST -pmediumconst=MEDIUMCONST -pconst=CONST \
  -AFARRAM=00h-00h \
  -prdata=COMRAM,nvrram=COMRAM,nvbit=COMRAM,rbss=COMRAM,rbit=COMRAM \
  -pfarbss=FARRAM,fardata=FARRAM,nvFARRAM=FARRAM \
  -pintsave_regs=BIGRAM,bigbss=BIGRAM,bigdata=BIGRAM -pbss=RAM \
  -pidata=CODE,irdata=CODE,ibigdata=CODE,ifardata=CODE -prparam=COMRAM \
  C:\Users\OAKBAT~1\AppData\Local\Temp\xcAskqc.o \
  dist/default/production\29.11.2021-2.X.production.o 

Object code version is 3.11

Machine type is 18F45K22



                Name                               Link     Load   Length Selector   Space Scale
C:\Users\OAKBAT~1\AppData\Local\Temp\xcAskqc.o
                idloc                            200000   200000        8        0       5
                config                           300000   300000        E        0       4
                init                                  0        0        4        0       0
dist/default/production\29.11.2021-2.X.production.o
                idloc                            200000   200000        8        0       5
                config                           300000   300000        E        0       4
                mediumconst                        7E22     7E22      1DE     3F11       0
                text15                             75CA     75CA       20     3AE5       0
                text14                             7572     7572       14     3AB9       0
                text13                             7586     7586       14     3AC3       0
                text12                             7632     7632       2E     3B19       0
                text11                             768E     768E       3C     3B47       0
                text10                             75EA     75EA       22     3AF5       0
                text9                              7660     7660       2E     3B30       0
                text8                              75B0     75B0       1A     3AD8       0
                text7                              770C     770C       48     3B86       0
                text6                              7876     7876       B0     3C3B       0
                text5                              7754     7754       4A     3BAA       0
                text4                              7802     7802       74     3C01       0
                text3                              779E     779E       64     3BCF       0
                text2                              760C     760C       26     3B06       0
                text1                              7926     7926      23E     3C93       0
                text0                              7B64     7B64      2BE     3DB2       0
                cstackCOMRAM                          1        1       24        1       1
                bssBANK0                             60       60       82       60       1
                dataCOMRAM                           25       25       15        1       1
                bssCOMRAM                            3A       3A        6        1       1
                cinit                              76CA     76CA       42     3B65       0
                idataCOMRAM                        759B     759B       15     759B       0

TOTAL           Name                               Link     Load   Length     Space
        CLASS   STACK          

        CLASS   CODE           
                init                                  0        0        4         0
                text15                             75CA     75CA       20         0
                text14                             7572     7572       14         0
                text13                             7586     7586       14         0
                text12                             7632     7632       2E         0
                text11                             768E     768E       3C         0
                text10                             75EA     75EA       22         0
                text9                              7660     7660       2E         0
                text8                              75B0     75B0       1A         0
                text7                              770C     770C       48         0
                text6                              7876     7876       B0         0
                text5                              7754     7754       4A         0
                text4                              7802     7802       74         0
                text3                              779E     779E       64         0
                text2                              760C     760C       26         0
                text1                              7926     7926      23E         0
                text0                              7B64     7B64      2BE         0
                cinit                              76CA     76CA       42         0
                idataCOMRAM                        759B     759B       15         0

        CLASS   CONST          

        CLASS   SMALLCONST     

        CLASS   MEDIUMCONST    
                mediumconst                        7E22     7E22      1DE         0

        CLASS   COMRAM         
                cstackCOMRAM                          1        1       24         1
                dataCOMRAM                           25       25       15         1
                bssCOMRAM                            3A       3A        6         1

        CLASS   ABS1           

        CLASS   BIGRAM         

        CLASS   RAM            

        CLASS   BANK0          
                bssBANK0                             60       60       82         1

        CLASS   BANK1          

        CLASS   BANK2          

        CLASS   BANK3          

        CLASS   BANK4          

        CLASS   BANK5          

        CLASS   SFR            

        CLASS   CONFIG         
                config                           300000   300000        E         4

        CLASS   IDLOC          
                idloc                            200000   200000        8         5

        CLASS   EEDATA         

        CLASS   FARRAM         



SEGMENTS        Name                           Load    Length   Top    Selector   Space  Class

                reset_vec                      000000  000004  000004         0       0  CODE    
                cstackCOMRAM                   000001  00003F  000040         1       1  COMRAM  
                bssBANK0                       000060  000082  0000E2        60       1  BANK0   
                text14                         007572  000014  007586      3AB9       0  CODE    
                text13                         007586  000014  00759A      3AC3       0  CODE    
                idataCOMRAM                    00759B  000015  0075B0      759B       0  CODE    
                text8                          0075B0  00001A  0075CA      3AD8       0  CODE    
                text15                         0075CA  000020  0075EA      3AE5       0  CODE    
                text10                         0075EA  000022  00760C      3AF5       0  CODE    
                text2                          00760C  000026  007632      3B06       0  CODE    
                text12                         007632  00002E  007660      3B19       0  CODE    
                text9                          007660  00002E  00768E      3B30       0  CODE    
                text11                         00768E  00003C  0076CA      3B47       0  CODE    
                cinit                          0076CA  000042  00770C      3B65       0  CODE    
                text7                          00770C  000048  007754      3B86       0  CODE    
                text5                          007754  00004A  00779E      3BAA       0  CODE    
                text3                          00779E  000064  007802      3BCF       0  CODE    
                text4                          007802  000074  007876      3C01       0  CODE    
                text6                          007876  0000B0  007926      3C3B       0  CODE    
                text1                          007926  00023E  007B64      3C93       0  CODE    
                text0                          007B64  0002BE  007E22      3DB2       0  CODE    
                mediumconst                    007E22  0001DE  008000      3F11       0  MEDIUMCO


UNUSED ADDRESS RANGES

        Name                Unused          Largest block    Delta
        BANK0            0000E2-0000FF               1E
        BANK1            000100-0001FF              100
        BANK2            000200-0002FF              100
        BANK3            000300-0003FF              100
        BANK4            000400-0004FF              100
        BANK5            000500-0005FF              100
        BIGRAM           000040-00005F               20
                         0000E2-0005FF              51E
        CODE             000004-007571             756E
                         00759A-00759A                1
        COMRAM           000040-00005F               20
        CONST            000004-007571             756E
                         00759A-00759A                1
        EEDATA           F00000-F000FF              100
        MEDIUMCONST      000600-007571             6F72
                         00759A-00759A                1
        RAM              0000E2-0005FF              100
        SFR              000F38-000FFF               28
        SMALLCONST       000600-007571              100
                         00759A-00759A                1
        STACK            0000E2-0005FF              51E

                                  Symbol Table

?___lwdiv                     cstackCOMRAM 000001
?___lwmod                     cstackCOMRAM 000001
?___wmul                      cstackCOMRAM 000001
I2C_Read@buffer               cstackCOMRAM 000002
I2C_Read@flag                 cstackCOMRAM 000001
I2C_Start@slave_write_address cstackCOMRAM 000002
I2C_Write@data                cstackCOMRAM 000001
_ANSELB                       (abs)        000F39
_ANSELC                       (abs)        000F3A
_ANSELD                       (abs)        000F3B
_BCLIF                        (abs)        007D0B
_I2C_Ack                      text14       007572
_I2C_Init                     text15       0075CA
_I2C_Nack                     text13       007586
_I2C_Read                     text11       00768E
_I2C_Ready                    text12       007632
_I2C_Start                    text9        007660
_I2C_Stop                     text8        0075B0
_I2C_Write                    text10       0075EA
_PORTBbits                    (abs)        000F81
_PORTD                        (abs)        000F83
_PORTDbits                    (abs)        000F83
_SSPADD                       (abs)        000FC8
_SSPBUF                       (abs)        000FC9
_SSPCON1                      (abs)        000FC6
_SSPCON2                      (abs)        000FC5
_SSPCON2bits                  (abs)        000FC5
_SSPIE                        (abs)        007CEB
_SSPIF                        (abs)        007CF3
_SSPSTAT                      (abs)        000FC7
_SSPSTATbits                  (abs)        000FC7
_TRISB                        (abs)        000F93
_TRISC3                       (abs)        007CA3
_TRISC4                       (abs)        007CA4
_TRISD                        (abs)        000F95
__HRAM                        (abs)        000000
__Habs1                       abs1         000000
__Hbank0                      bank0        000000
__Hbank1                      bank1        000000
__Hbank2                      bank2        000000
__Hbank3                      bank3        000000
__Hbank4                      bank4        000000
__Hbank5                      bank5        000000
__Hbigbss                     bigbss       000000
__Hbigdata                    bigdata      000000
__Hbigram                     bigram       000000
__Hbss                        bss          000000
__HbssBANK0                   bssBANK0     000000
__HbssCOMRAM                  bssCOMRAM    000000
__Hcinit                      cinit        000000
__Hclrtext                    clrtext      000000
__Hcomram                     comram       000000
__Hconfig                     config       30000E
__Hconst                      const        000000
__HcstackCOMRAM               cstackCOMRAM 000000
__Hdata                       data         000000
__HdataCOMRAM                 dataCOMRAM   000000
__Heeprom_data                eeprom_data  000000
__Hfarbss                     farbss       000000
__Hfardata                    fardata      000000
__Hibigdata                   ibigdata     000000
__Hidata                      idata        000000
__HidataCOMRAM                idataCOMRAM  000000
__Hidloc                      idloc        200008
__Hifardata                   ifardata     000000
__Hinit                       init         000004
__Hintcode                    intcode      000000
__Hintcode_body               intcode_body 000000
__Hintcodelo                  intcodelo    000000
__Hintentry                   intentry     000000
__Hintret                     intret       000000
__Hintsave_regs               intsave_regs 000000
__Hirdata                     irdata       000000
__Hmediumconst                mediumconst  008000
__HnvFARRAM                   nvFARRAM     000000
__Hnvbit                      nvbit        000000
__Hnvrram                     nvrram       000000
__Hparam                      rparam       000000
__Hpowerup                    powerup      000000
__Hram                        ram          000000
__Hramtop                     ramtop       000600
__Hrbit                       rbit         000000
__Hrbss                       rbss         000000
__Hrdata                      rdata        000000
__Hreset_vec                  reset_vec    000000
__Hrparam                     rparam       000000
__Hsfr                        sfr          000000
__Hsmallconst                 smallconst   000000
__Hspace_0                    (abs)        008000
__Hspace_1                    (abs)        0000E2
__Hspace_2                    (abs)        000000
__Hspace_4                    (abs)        60000E
__Hstack                      stack        000000
__Hstruct                     struct       000000
__Htemp                       temp         000000
__Htext                       text         000000
__Htext0                      text0        000000
__Htext1                      text1        000000
__Htext10                     text10       000000
__Htext11                     text11       000000
__Htext12                     text12       000000
__Htext13                     text13       000000
__Htext14                     text14       000000
__Htext15                     text15       000000
__Htext2                      text2        000000
__Htext3                      text3        000000
__Htext4                      text4        000000
__Htext5                      text5        000000
__Htext6                      text6        000000
__Htext7                      text7        000000
__Htext8                      text8        000000
__Htext9                      text9        000000
__LRAM                        (abs)        000001
__Labs1                       abs1         000000
__Lbank0                      bank0        000000
__Lbank1                      bank1        000000
__Lbank2                      bank2        000000
__Lbank3                      bank3        000000
__Lbank4                      bank4        000000
__Lbank5                      bank5        000000
__Lbigbss                     bigbss       000000
__Lbigdata                    bigdata      000000
__Lbigram                     bigram       000000
__Lbss                        bss          000000
__LbssBANK0                   bssBANK0     000000
__LbssCOMRAM                  bssCOMRAM    000000
__Lcinit                      cinit        000000
__Lclrtext                    clrtext      000000
__Lcomram                     comram       000000
__Lconfig                     config       000000
__Lconst                      const        000000
__LcstackCOMRAM               cstackCOMRAM 000000
__Ldata                       data         000000
__LdataCOMRAM                 dataCOMRAM   000000
__Leeprom_data                eeprom_data  000000
__Lfarbss                     farbss       000000
__Lfardata                    fardata      000000
__Libigdata                   ibigdata     000000
__Lidata                      idata        000000
__LidataCOMRAM                idataCOMRAM  000000
__Lidloc                      idloc        000000
__Lifardata                   ifardata     000000
__Linit                       init         000000
__Lintcode                    intcode      000000
__Lintcode_body               intcode_body 000000
__Lintcodelo                  intcodelo    000000
__Lintentry                   intentry     000000
__Lintret                     intret       000000
__Lintsave_regs               intsave_regs 000000
__Lirdata                     irdata       000000
__Lmediumconst                mediumconst  007E22
__LnvFARRAM                   nvFARRAM     000000
__Lnvbit                      nvbit        000000
__Lnvrram                     nvrram       000000
__Lparam                      rparam       000000
__Lpowerup                    powerup      000000
__Lram                        ram          000000
__Lramtop                     ramtop       000600
__Lrbit                       rbit         000000
__Lrbss                       rbss         000000
__Lrdata                      rdata        000000
__Lreset_vec                  reset_vec    000000
__Lrparam                     rparam       000000
__Lsfr                        sfr          000000
__Lsmallconst                 smallconst   000000
__Lspace_0                    (abs)        000000
__Lspace_1                    (abs)        000000
__Lspace_2                    (abs)        000000
__Lspace_4                    (abs)        000000
__Lstack                      stack        000000
__Lstruct                     struct       000000
__Ltemp                       temp         000000
__Ltext                       text         000000
__Ltext0                      text0        000000
__Ltext1                      text1        000000
__Ltext10                     text10       000000
__Ltext11                     text11       000000
__Ltext12                     text12       000000
__Ltext13                     text13       000000
__Ltext14                     text14       000000
__Ltext15                     text15       000000
__Ltext2                      text2        000000
__Ltext3                      text3        000000
__Ltext4                      text4        000000
__Ltext5                      text5        000000
__Ltext6                      text6        000000
__Ltext7                      text7        000000
__Ltext8                      text8        000000
__Ltext9                      text9        000000
__S0                          (abs)        008000
__S1                          (abs)        0000E2
__S2                          (abs)        000000
__S4                          (abs)        000000
__S5                          (abs)        000000
___inthi_sp                   stack        000000
___intlo_sp                   stack        000000
___lwdiv                      text4        007802
___lwdiv@counter              cstackCOMRAM 000007
___lwdiv@dividend             cstackCOMRAM 000001
___lwdiv@divisor              cstackCOMRAM 000003
___lwdiv@quotient             cstackCOMRAM 000005
___lwmod                      text3        00779E
___lwmod@counter              cstackCOMRAM 000005
___lwmod@dividend             cstackCOMRAM 000001
___lwmod@divisor              cstackCOMRAM 000003
___param_bank                 (abs)        000000
___rparam_used                (abs)        000001
___sp                         stack        000000
___wmul                       text2        00760C
___wmul@multiplicand          cstackCOMRAM 000003
___wmul@multiplier            cstackCOMRAM 000001
___wmul@product               cstackCOMRAM 000005
__accesstop                   (abs)        000060
__activetblptr                (abs)        000002
__end_of_I2C_Ack              text14       007586
__end_of_I2C_Init             text15       0075EA
__end_of_I2C_Nack             text13       00759A
__end_of_I2C_Read             text11       0076CA
__end_of_I2C_Ready            text12       007660
__end_of_I2C_Start            text9        00768E
__end_of_I2C_Stop             text8        0075CA
__end_of_I2C_Write            text10       00760C
__end_of___lwdiv              text4        007876
__end_of___lwmod              text3        007802
__end_of___wmul               text2        007632
__end_of__initialization      cinit        007702
__end_of_charset              mediumconst  007FFE
__end_of_clr_scr              text6        007926
__end_of_glcd_init            text5        00779E
__end_of_main                 text0        007E22
__end_of_place_text           text1        007B64
__end_of_trig                 text7        007754
__initialization              cinit        0076CA
__mediumconst                 mediumconst  007E22
__pbssBANK0                   bssBANK0     000060
__pbssCOMRAM                  bssCOMRAM    00003A
__pcinit                      cinit        0076CA
__pcstackCOMRAM               cstackCOMRAM 000001
__pdataCOMRAM                 dataCOMRAM   000025
__pidataCOMRAM                idataCOMRAM  00759B
__pmediumconst                mediumconst  007E22
__ptext0                      text0        007B64
__ptext1                      text1        007926
__ptext10                     text10       0075EA
__ptext11                     text11       00768E
__ptext12                     text12       007632
__ptext13                     text13       007586
__ptext14                     text14       007572
__ptext15                     text15       0075CA
__ptext2                      text2        00760C
__ptext3                      text3        00779E
__ptext4                      text4        007802
__ptext5                      text5        007754
__ptext6                      text6        007876
__ptext7                      text7        00770C
__ptext8                      text8        0075B0
__ptext9                      text9        007660
__ramtop                      ramtop       000600
__size_of_I2C_Ack             (abs)        000000
__size_of_I2C_Init            (abs)        000000
__size_of_I2C_Nack            (abs)        000000
__size_of_I2C_Read            (abs)        000000
__size_of_I2C_Ready           (abs)        000000
__size_of_I2C_Start           (abs)        000000
__size_of_I2C_Stop            (abs)        000000
__size_of_I2C_Write           (abs)        000000
__size_of___lwdiv             (abs)        000000
__size_of___lwmod             (abs)        000000
__size_of___wmul              (abs)        000000
__size_of_clr_scr             (abs)        000000
__size_of_glcd_init           (abs)        000000
__size_of_main                (abs)        000000
__size_of_place_text          (abs)        000000
__size_of_trig                (abs)        000000
__smallconst                  smallconst   000000
_buf                          dataCOMRAM   000039
_charset                      mediumconst  007E23
_clr_scr                      text6        007876
_glcd_init                    text5        007754
_i                            bssCOMRAM    00003E
_j                            bssCOMRAM    00003C
_k                            bssCOMRAM    00003A
_main                         text0        007B64
_place_text                   text1        007926
_text                         dataCOMRAM   000025
_text_disp                    bssBANK0     000092
_text_read                    bssBANK0     000060
_trig                         text7        00770C
clr_scr@k                     cstackCOMRAM 000005
end_of_initialization         cinit        007702
intlevel0                     text         000000
intlevel1                     text         000000
intlevel2                     text         000000
intlevel3                     text         000000
isa$std                       (abs)        000001
isa$xinst                     (abs)        000000
place_text@j                  cstackCOMRAM 00001E
place_text@k                  cstackCOMRAM 000022
place_text@k_start            cstackCOMRAM 000020
place_text@page               cstackCOMRAM 00000A
place_text@s                  cstackCOMRAM 00000C
place_text@start_char         cstackCOMRAM 000008
stackhi                       (abs)        0005FF
stacklo                       (abs)        0000E2
start                         init         000000
start_initialization          cinit        0076CA
trig@k                        cstackCOMRAM 000001


MODULE INFORMATION

Module		Function		Class		Link	Load	Size
C:\Program Files\Microchip\xc8\v2.32\pic\sources\c99\common\lwmod.c
		___lwmod       		CODE           	779E	0000	100

C:\Program Files\Microchip\xc8\v2.32\pic\sources\c99\common\lwmod.c estimated size: 100

newmain.c
		_trig          		CODE           	770C	0000	72
		_place_text    		CODE           	7926	0000	574
		_main          		CODE           	7B64	0000	702
		_I2C_Write     		CODE           	75EA	0000	34
		_glcd_init     		CODE           	7754	0000	74
		_I2C_Stop      		CODE           	75B0	0000	26
		_I2C_Read      		CODE           	768E	0000	60
		_I2C_Ready     		CODE           	7632	0000	46
		_I2C_Init      		CODE           	75CA	0000	32
		_clr_scr       		CODE           	7876	0000	176
		_I2C_Ack       		CODE           	7572	0000	20
		_I2C_Nack      		CODE           	7586	0000	20
		_I2C_Start     		CODE           	7660	0000	46

newmain.c estimated size: 1882

C:\Program Files\Microchip\xc8\v2.32\pic\sources\c99\common\Umul16.c
		___wmul        		CODE           	760C	0000	38

C:\Program Files\Microchip\xc8\v2.32\pic\sources\c99\common\Umul16.c estimated size: 38

shared
		__initialization		CODE           	76CA	0000	56
		_charset       		MEDIUMCONST    	7E23	0000	475

shared estimated size: 531

C:\Program Files\Microchip\xc8\v2.32\pic\sources\c99\common\lwdiv.c
		___lwdiv       		CODE           	7802	0000	116

C:\Program Files\Microchip\xc8\v2.32\pic\sources\c99\common\lwdiv.c estimated size: 116

